[www.thorswap.finance/index.html]
[backblue.gif]
[fade.gif]
[index.html]
[www.thorswap.finance/favicon.ico]
[www.thorswap.finance/assets/img/card.jpg]
[www.thorswap.finance/_next/static/css/090f90ea9077a794.css]
[www.thorswap.finance/_next/static/chunks/webpack-bb469f829a664d48.js]
[www.thorswap.finance/_next/static/chunks/polyfills-c67a75d1b6f99dc8.js]
[www.thorswap.finance/_next/static/chunks/framework-9b5d6ec4444c80fa.js]
[www.thorswap.finance/_next/static/chunks/main-3123a443c688934f.js]
[www.thorswap.finance/_next/static/chunks/pages/_app-1de6242f130dd890.js]
[www.thorswap.finance/_next/static/chunks/c16184b3-051f4e0b3cbf2e91.js]
[www.thorswap.finance/_next/static/chunks/2cca2479-60642da611eb997b.js]
[www.thorswap.finance/_next/static/chunks/531-831c6e040816ad8f.js]
[www.thorswap.finance/_next/static/chunks/pages/index-603e6daeefe5da74.js]
[www.thorswap.finance/_next/static/g85XjcrKMxfo9HvnyNWgh/_buildManifest.js]
[www.thorswap.finance/_next/static/g85XjcrKMxfo9HvnyNWgh/_ssgManifest.js]
[www.thorswap.finance/assets/img/header_logo.png]
[www.thorswap.finance/assets/img/landing_page__3_frame.jpeg]
[www.thorswap.finance/assets/videos/landing_page_3.mp4]
[www.thorswap.finance/assets/svg/logos/btc.svg]
[www.thorswap.finance/assets/svg/logos/eth.svg]
[www.thorswap.finance/assets/svg/logos/cosmos.svg]
[www.thorswap.finance/assets/svg/logos/avax.svg]
[www.thorswap.finance/assets/svg/logos/bch.svg]
[www.thorswap.finance/assets/img/what-is-thorswap.jpeg]
[www.thorswap.finance/assets/img/play-2.png]
[www.thorswap.finance/assets/img/thorswap-aggregator.jpeg]
[www.thorswap.finance/assets/img/play-3.png]
[www.thorswap.finance/assets/img/thorswap-v2.jpeg]
[www.thorswap.finance/assets/img/play-1.png]
[www.thorswap.finance/assets/img/swap.jpg]
[www.thorswap.finance/assets/videos/landing_page_swap_v2.mp4]
[www.thorswap.finance/assets/img/wallet.png]
[www.thorswap.finance/assets/img/with-us-img-3.png]
[www.thorswap.finance/assets/img/with-us-img-4.png]
[www.thorswap.finance/assets/svg/trigger-img-1.svg]
[www.thorswap.finance/assets/svg/trigger-img-2.svg]
[www.thorswap.finance/assets/svg/trigger-img-3.svg]
[www.thorswap.finance/assets/img/with-us-img-1.png]
[www.thorswap.finance/assets/svg/trigger-img-4.svg]
[www.thorswap.finance/assets/img/with-us-img-2.png]
[www.thorswap.finance/assets/svg/trigger-img-5.svg]
[www.thorswap.finance/assets/svg/trigger-img-6.svg]
[www.thorswap.finance/assets/img/logo-halborn.png]
[www.thorswap.finance/assets/img/peckshield.png]
[www.thorswap.finance/assets/backers/logo_ideocolab.svg]
[www.thorswap.finance/assets/svg/trigger-img-8.svg]
[www.thorswap.finance/assets/backers/logo_trueventures.webp]
[www.thorswap.finance/assets/svg/trigger-img-7.svg]
[www.thorswap.finance/assets/img/thorchain.png]
[www.thorswap.finance/assets/backers/logo_0xv.png]
[www.thorswap.finance/assets/img/fomocraft.png]
[www.thorswap.finance/assets/backers/logo_sanctorcapital.webp]
[www.thorswap.finance/assets/backers/logo_magnet.png]
[www.thorswap.finance/assets/backers/logo_proofgroup.svg]
[www.thorswap.finance/assets/backers/logo_sentor.webp]
[www.thorswap.finance/assets/backers/logo_mozaik.png]
[www.thorswap.finance/assets/backers/logo_sandbar.webp]
[www.thorswap.finance/assets/backers/logo_qi.webp]
[www.thorswap.finance/assets/backers/logo_aurumsy.webp]
[www.thorswap.finance/assets/backers/logo_chronicle.webp]
[www.thorswap.finance/assets/backers/logo_compute.svg]
[www.thorswap.finance/assets/img/blackdragon.png]
[www.thorswap.finance/assets/backers/logo_3commas.webp]
[www.thorswap.finance/assets/backers/logo_apollocapital.webp]
[www.thorswap.finance/index.html]
[www.thorswap.finance/assets/svg/watch.svg]
[www.thorswap.finance/_next/static/media/lg.955a4bcf.woff2]
[www.thorswap.finance/_next/static/media/lg.dc565ab5.ttf]
[www.thorswap.finance/_next/static/media/lg.c950f0b5.woff]
[www.thorswap.finance/_next/static/media/lg.a5ca0178.svg]
[www.thorswap.finance/_next/static/media/loading.49ca460c.gif]
[www.thorswap.finance/assets/img/property-mask.png]
[www.thorswap.finance/_next/static/css/090f90ea9077a794.css]
[www.thorswap.finance/assets/svg/logos/btc.svg]
[www.thorswap.finance/assets/svg/logos/eth.svg]
[www.thorswap.finance/assets/svg/logos/bnb.svg]
[www.thorswap.finance/assets/svg/logos/cosmos.svg]
[www.thorswap.finance/assets/svg/logos/rune.svg]
[www.thorswap.finance/assets/svg/logos/avax.svg]
[www.thorswap.finance/assets/svg/logos/doge.svg]
[www.thorswap.finance/assets/svg/logos/ltc.svg]
[www.thorswap.finance/assets/svg/logos/bch.svg]
[www.thorswap.finance/assets/svg/trigger-img-1.svg]
[www.thorswap.finance/assets/svg/trigger-img-2.svg]
[www.thorswap.finance/assets/svg/trigger-img-3.svg]
[www.thorswap.finance/assets/svg/trigger-img-4.svg]
[www.thorswap.finance/assets/svg/trigger-img-5.svg]
[www.thorswap.finance/assets/svg/trigger-img-6.svg]
[www.thorswap.finance/assets/svg/trigger-img-7.svg]
[www.thorswap.finance/assets/svg/trigger-img-8.svg]
[www.thorswap.finance/assets/backers/logo_ideocolab.svg]
[www.thorswap.finance/assets/backers/logo_proofgroup.svg]
[www.thorswap.finance/assets/backers/logo_compute.svg]
[www.thorswap.finance/assets/svg/watch.svg]
[www.thorswap.finance/_next/static/media/lg.a5ca0178.svg]
